◇ injected env (0) from .env // tip: ◈ encrypted .env [www.dotenvx.com]
◇ injected env (0) from .env // tip: ⌘ suppress logs { quiet: true }
Starting [Background Clerk] - Monitoring holds and expirations...
Starting [Compliance Caretaker] - Managing record retention...
[cron] Starting daily overdue flagging sweep...
✅ File Upload Server running at http://localhost:3000
✅ Email Dispatcher running at POST /send-email
✅ Newsletter Server running at POST /send-newsletter
Admin page will now save files physically to your images/ folder structure.
Error syncing calendar holds: Error: No access, refresh token, API key or refresh handler callback is set.
    at OAuth2Client.getRequestMetadataAsync (C:\Users\muzim\OneDrive\Muzi's Office\Dev-Beast\Thabiso Mhlongo Official Website\Thabiso Mhlongo Offcial Website\node_modules\google-auth-library\build\src\auth\oauth2client.js:346:19)
    at OAuth2Client.requestAsync (C:\Users\muzim\OneDrive\Muzi's Office\Dev-Beast\Thabiso Mhlongo Official Website\Thabiso Mhlongo Offcial Website\node_modules\google-auth-library\build\src\auth\oauth2client.js:457:34)
    at OAuth2Client.request (C:\Users\muzim\OneDrive\Muzi's Office\Dev-Beast\Thabiso Mhlongo Official Website\Thabiso Mhlongo Offcial Website\node_modules\google-auth-library\build\src\auth\oauth2client.js:452:25)
    at createAPIRequestAsync (C:\Users\muzim\OneDrive\Muzi's Office\Dev-Beast\Thabiso Mhlongo Official Website\Thabiso Mhlongo Offcial Website\node_modules\googleapis-common\build\src\apirequest.js:308:42)
    at createAPIRequest (C:\Users\muzim\OneDrive\Muzi's Office\Dev-Beast\Thabiso Mhlongo Official Website\Thabiso Mhlongo Offcial Website\node_modules\googleapis-common\build\src\apirequest.js:53:16)
    at Resource$Events.list (C:\Users\muzim\OneDrive\Muzi's Office\Dev-Beast\Thabiso Mhlongo Official Website\Thabiso Mhlongo Offcial Website\node_modules\googleapis\build\src\apis\calendar\v3.js:973:65)
    at syncCalendarHolds (C:\Users\muzim\OneDrive\Muzi's Office\Dev-Beast\Thabiso Mhlongo Official Website\Thabiso Mhlongo Offcial Website\server.js:756:48)
    at startBackgroundClerk (C:\Users\muzim\OneDrive\Muzi's Office\Dev-Beast\Thabiso Mhlongo Official Website\Thabiso Mhlongo Offcial Website\server.js:1265:5)
    at Object.<anonymous> (C:\Users\muzim\OneDrive\Muzi's Office\Dev-Beast\Thabiso Mhlongo Official Website\Thabiso Mhlongo Offcial Website\server.js:1416:1)
    at Module._compile (node:internal/modules/cjs/loader:1804:14)
Connected to the SQLite database.
Database tables initialized successfully.
Settings loaded from database.
[Reminder Job] Done — sent: 0, skipped: 0, errors: 0
[DEBUG] GET / - Status: 200
